Archive member included because of file (symbol)

c:/winavr-20090313/bin/../lib/gcc/avr/4.3.2/avr25\libgcc.a(_exit.o)
                              c:/winavr-20090313/bin/../lib/gcc/avr/4.3.2/../../../../avr/lib/avr25/crttn13.o (exit)
c:/winavr-20090313/bin/../lib/gcc/avr/4.3.2/avr25\libgcc.a(_fixunssfsi.o)
                              ./ldr.o (__fixunssfsi)
c:/winavr-20090313/bin/../lib/gcc/avr/4.3.2/avr25\libgcc.a(_addsub_sf.o)
                              c:/winavr-20090313/bin/../lib/gcc/avr/4.3.2/avr25\libgcc.a(_fixunssfsi.o) (__subsf3)
c:/winavr-20090313/bin/../lib/gcc/avr/4.3.2/avr25\libgcc.a(_mul_sf.o)
                              ./ldr.o (__mulsf3)
c:/winavr-20090313/bin/../lib/gcc/avr/4.3.2/avr25\libgcc.a(_gt_sf.o)
                              ./ldr.o (__gtsf2)
c:/winavr-20090313/bin/../lib/gcc/avr/4.3.2/avr25\libgcc.a(_ge_sf.o)
                              c:/winavr-20090313/bin/../lib/gcc/avr/4.3.2/avr25\libgcc.a(_fixunssfsi.o) (__gesf2)
c:/winavr-20090313/bin/../lib/gcc/avr/4.3.2/avr25\libgcc.a(_lt_sf.o)
                              ./ldr.o (__ltsf2)
c:/winavr-20090313/bin/../lib/gcc/avr/4.3.2/avr25\libgcc.a(_sf_to_si.o)
                              c:/winavr-20090313/bin/../lib/gcc/avr/4.3.2/avr25\libgcc.a(_fixunssfsi.o) (__fixsfsi)
c:/winavr-20090313/bin/../lib/gcc/avr/4.3.2/avr25\libgcc.a(_thenan_sf.o)
                              c:/winavr-20090313/bin/../lib/gcc/avr/4.3.2/avr25\libgcc.a(_addsub_sf.o) (__thenan_sf)
c:/winavr-20090313/bin/../lib/gcc/avr/4.3.2/avr25\libgcc.a(_prologue.o)
                              c:/winavr-20090313/bin/../lib/gcc/avr/4.3.2/avr25\libgcc.a(_addsub_sf.o) (__prologue_saves__)
c:/winavr-20090313/bin/../lib/gcc/avr/4.3.2/avr25\libgcc.a(_epilogue.o)
                              c:/winavr-20090313/bin/../lib/gcc/avr/4.3.2/avr25\libgcc.a(_addsub_sf.o) (__epilogue_restores__)
c:/winavr-20090313/bin/../lib/gcc/avr/4.3.2/avr25\libgcc.a(_copy_data.o)
                              c:/winavr-20090313/bin/../lib/gcc/avr/4.3.2/avr25\libgcc.a(_thenan_sf.o) (__do_copy_data)
c:/winavr-20090313/bin/../lib/gcc/avr/4.3.2/avr25\libgcc.a(_pack_sf.o)
                              c:/winavr-20090313/bin/../lib/gcc/avr/4.3.2/avr25\libgcc.a(_addsub_sf.o) (__pack_f)
c:/winavr-20090313/bin/../lib/gcc/avr/4.3.2/avr25\libgcc.a(_unpack_sf.o)
                              c:/winavr-20090313/bin/../lib/gcc/avr/4.3.2/avr25\libgcc.a(_addsub_sf.o) (__unpack_f)
c:/winavr-20090313/bin/../lib/gcc/avr/4.3.2/avr25\libgcc.a(_fpcmp_parts_sf.o)
                              c:/winavr-20090313/bin/../lib/gcc/avr/4.3.2/avr25\libgcc.a(_gt_sf.o) (__fpcmp_parts_f)

Memory Configuration

Name             Origin             Length             Attributes
text             0x00000000         0x00002000         xr
data             0x00800060         0x0000ffa0         rw !x
eeprom           0x00810000         0x00010000         rw !x
fuse             0x00820000         0x00000400         rw !x
lock             0x00830000         0x00000400         rw !x
signature        0x00840000         0x00000400         rw !x
*default*        0x00000000         0xffffffff

Linker script and memory map

LOAD c:/winavr-20090313/bin/../lib/gcc/avr/4.3.2/../../../../avr/lib/avr25/crttn13.o
LOAD ./ldr.o
LOAD c:/winavr-20090313/bin/../lib/gcc/avr/4.3.2/avr25\libgcc.a
LOAD c:/winavr-20090313/bin/../lib/gcc/avr/4.3.2/../../../../avr/lib/avr25\libc.a
LOAD c:/winavr-20090313/bin/../lib/gcc/avr/4.3.2/avr25\libgcc.a

.hash
 *(.hash)

.dynsym
 *(.dynsym)

.dynstr
 *(.dynstr)

.gnu.version
 *(.gnu.version)

.gnu.version_d
 *(.gnu.version_d)

.gnu.version_r
 *(.gnu.version_r)

.rel.init
 *(.rel.init)

.rela.init
 *(.rela.init)

.rel.text
 *(.rel.text)
 *(.rel.text.*)
 *(.rel.gnu.linkonce.t*)

.rela.text
 *(.rela.text)
 *(.rela.text.*)
 *(.rela.gnu.linkonce.t*)

.rel.fini
 *(.rel.fini)

.rela.fini
 *(.rela.fini)

.rel.rodata
 *(.rel.rodata)
 *(.rel.rodata.*)
 *(.rel.gnu.linkonce.r*)

.rela.rodata
 *(.rela.rodata)
 *(.rela.rodata.*)
 *(.rela.gnu.linkonce.r*)

.rel.data
 *(.rel.data)
 *(.rel.data.*)
 *(.rel.gnu.linkonce.d*)

.rela.data
 *(.rela.data)
 *(.rela.data.*)
 *(.rela.gnu.linkonce.d*)

.rel.ctors
 *(.rel.ctors)

.rela.ctors
 *(.rela.ctors)

.rel.dtors
 *(.rel.dtors)

.rela.dtors
 *(.rela.dtors)

.rel.got
 *(.rel.got)

.rela.got
 *(.rela.got)

.rel.bss
 *(.rel.bss)

.rela.bss
 *(.rela.bss)

.rel.plt
 *(.rel.plt)

.rela.plt
 *(.rela.plt)

.text           0x00000000      0xfb0
 *(.vectors)
 .vectors       0x00000000       0x14 c:/winavr-20090313/bin/../lib/gcc/avr/4.3.2/../../../../avr/lib/avr25/crttn13.o
                0x00000000                __vectors
                0x00000000                __vector_default
 *(.vectors)
 *(.progmem.gcc*)
 *(.progmem*)
                0x00000014                . = ALIGN (0x2)
                0x00000014                __trampolines_start = .
 *(.trampolines)
 .trampolines   0x00000014        0x0 linker stubs
 *(.trampolines*)
                0x00000014                __trampolines_end = .
 *(.jumptables)
 *(.jumptables*)
 *(.lowtext)
 *(.lowtext*)
                0x00000014                __ctors_start = .
 *(.ctors)
                0x00000014                __ctors_end = .
                0x00000014                __dtors_start = .
 *(.dtors)
                0x00000014                __dtors_end = .
 SORT(*)(.ctors)
 SORT(*)(.dtors)
 *(.init0)
 .init0         0x00000014        0x0 c:/winavr-20090313/bin/../lib/gcc/avr/4.3.2/../../../../avr/lib/avr25/crttn13.o
                0x00000014                __init
 *(.init0)
 *(.init1)
 *(.init1)
 *(.init2)
 .init2         0x00000014        0x8 c:/winavr-20090313/bin/../lib/gcc/avr/4.3.2/../../../../avr/lib/avr25/crttn13.o
 *(.init2)
 *(.init3)
 *(.init3)
 *(.init4)
 .init4         0x0000001c       0x16 c:/winavr-20090313/bin/../lib/gcc/avr/4.3.2/avr25\libgcc.a(_copy_data.o)
                0x0000001c                __do_copy_data
 *(.init4)
 *(.init5)
 *(.init5)
 *(.init6)
 *(.init6)
 *(.init7)
 *(.init7)
 *(.init8)
 *(.init8)
 *(.init9)
 .init9         0x00000032        0x4 c:/winavr-20090313/bin/../lib/gcc/avr/4.3.2/../../../../avr/lib/avr25/crttn13.o
 *(.init9)
 *(.text)
 .text          0x00000036        0x2 c:/winavr-20090313/bin/../lib/gcc/avr/4.3.2/../../../../avr/lib/avr25/crttn13.o
                0x00000036                __vector_1
                0x00000036                __bad_interrupt
                0x00000036                __vector_6
                0x00000036                __vector_3
                0x00000036                __vector_7
                0x00000036                __vector_5
                0x00000036                __vector_4
                0x00000036                __vector_9
                0x00000036                __vector_2
                0x00000036                __vector_8
 .text          0x00000038      0x4a4 ./ldr.o
                0x00000038                readAdc
                0x0000009a                main
 .text          0x000004dc        0x0 c:/winavr-20090313/bin/../lib/gcc/avr/4.3.2/avr25\libgcc.a(_exit.o)
 .text          0x000004dc       0x50 c:/winavr-20090313/bin/../lib/gcc/avr/4.3.2/avr25\libgcc.a(_fixunssfsi.o)
                0x000004dc                __fixunssfsi
 .text          0x0000052c      0x338 c:/winavr-20090313/bin/../lib/gcc/avr/4.3.2/avr25\libgcc.a(_addsub_sf.o)
                0x000007c0                __subsf3
                0x00000816                __addsf3
 .text          0x00000864      0x1ea c:/winavr-20090313/bin/../lib/gcc/avr/4.3.2/avr25\libgcc.a(_mul_sf.o)
                0x00000864                __mulsf3
 .text          0x00000a4e       0x56 c:/winavr-20090313/bin/../lib/gcc/avr/4.3.2/avr25\libgcc.a(_gt_sf.o)
                0x00000a4e                __gtsf2
 .text          0x00000aa4       0x56 c:/winavr-20090313/bin/../lib/gcc/avr/4.3.2/avr25\libgcc.a(_ge_sf.o)
                0x00000aa4                __gesf2
 .text          0x00000afa       0x56 c:/winavr-20090313/bin/../lib/gcc/avr/4.3.2/avr25\libgcc.a(_lt_sf.o)
                0x00000afa                __ltsf2
 .text          0x00000b50       0xa2 c:/winavr-20090313/bin/../lib/gcc/avr/4.3.2/avr25\libgcc.a(_sf_to_si.o)
                0x00000b50                __fixsfsi
 .text          0x00000bf2        0x0 c:/winavr-20090313/bin/../lib/gcc/avr/4.3.2/avr25\libgcc.a(_thenan_sf.o)
 .text          0x00000bf2        0x0 c:/winavr-20090313/bin/../lib/gcc/avr/4.3.2/avr25\libgcc.a(_prologue.o)
 .text          0x00000bf2        0x0 c:/winavr-20090313/bin/../lib/gcc/avr/4.3.2/avr25\libgcc.a(_epilogue.o)
 .text          0x00000bf2        0x0 c:/winavr-20090313/bin/../lib/gcc/avr/4.3.2/avr25\libgcc.a(_copy_data.o)
 .text          0x00000bf2      0x1aa c:/winavr-20090313/bin/../lib/gcc/avr/4.3.2/avr25\libgcc.a(_pack_sf.o)
                0x00000bf2                __pack_f
 .text          0x00000d9c       0xf0 c:/winavr-20090313/bin/../lib/gcc/avr/4.3.2/avr25\libgcc.a(_unpack_sf.o)
                0x00000d9c                __unpack_f
 .text          0x00000e8c       0xb2 c:/winavr-20090313/bin/../lib/gcc/avr/4.3.2/avr25\libgcc.a(_fpcmp_parts_sf.o)
                0x00000e8c                __fpcmp_parts_f
                0x00000f3e                . = ALIGN (0x2)
 *(.text.*)
 .text.libgcc   0x00000f3e        0x0 c:/winavr-20090313/bin/../lib/gcc/avr/4.3.2/avr25\libgcc.a(_exit.o)
 .text.libgcc   0x00000f3e       0x38 c:/winavr-20090313/bin/../lib/gcc/avr/4.3.2/avr25\libgcc.a(_prologue.o)
                0x00000f3e                __prologue_saves__
 .text.libgcc   0x00000f76       0x36 c:/winavr-20090313/bin/../lib/gcc/avr/4.3.2/avr25\libgcc.a(_epilogue.o)
                0x00000f76                __epilogue_restores__
 .text.libgcc   0x00000fac        0x0 c:/winavr-20090313/bin/../lib/gcc/avr/4.3.2/avr25\libgcc.a(_copy_data.o)
                0x00000fac                . = ALIGN (0x2)
 *(.fini9)
 .fini9         0x00000fac        0x0 c:/winavr-20090313/bin/../lib/gcc/avr/4.3.2/avr25\libgcc.a(_exit.o)
                0x00000fac                exit
                0x00000fac                _exit
 *(.fini9)
 *(.fini8)
 *(.fini8)
 *(.fini7)
 *(.fini7)
 *(.fini6)
 *(.fini6)
 *(.fini5)
 *(.fini5)
 *(.fini4)
 *(.fini4)
 *(.fini3)
 *(.fini3)
 *(.fini2)
 *(.fini2)
 *(.fini1)
 *(.fini1)
 *(.fini0)
 .fini0         0x00000fac        0x4 c:/winavr-20090313/bin/../lib/gcc/avr/4.3.2/avr25\libgcc.a(_exit.o)
 *(.fini0)
                0x00000fb0                _etext = .

.data           0x00800060        0x8 load address 0x00000fb0
                0x00800060                PROVIDE (__data_start, .)
 *(.data)
 .data          0x00800060        0x0 c:/winavr-20090313/bin/../lib/gcc/avr/4.3.2/../../../../avr/lib/avr25/crttn13.o
 .data          0x00800060        0x0 ./ldr.o
 .data          0x00800060        0x0 c:/winavr-20090313/bin/../lib/gcc/avr/4.3.2/avr25\libgcc.a(_exit.o)
 .data          0x00800060        0x0 c:/winavr-20090313/bin/../lib/gcc/avr/4.3.2/avr25\libgcc.a(_fixunssfsi.o)
 .data          0x00800060        0x0 c:/winavr-20090313/bin/../lib/gcc/avr/4.3.2/avr25\libgcc.a(_addsub_sf.o)
 .data          0x00800060        0x0 c:/winavr-20090313/bin/../lib/gcc/avr/4.3.2/avr25\libgcc.a(_mul_sf.o)
 .data          0x00800060        0x0 c:/winavr-20090313/bin/../lib/gcc/avr/4.3.2/avr25\libgcc.a(_gt_sf.o)
 .data          0x00800060        0x0 c:/winavr-20090313/bin/../lib/gcc/avr/4.3.2/avr25\libgcc.a(_ge_sf.o)
 .data          0x00800060        0x0 c:/winavr-20090313/bin/../lib/gcc/avr/4.3.2/avr25\libgcc.a(_lt_sf.o)
 .data          0x00800060        0x0 c:/winavr-20090313/bin/../lib/gcc/avr/4.3.2/avr25\libgcc.a(_sf_to_si.o)
 .data          0x00800060        0x8 c:/winavr-20090313/bin/../lib/gcc/avr/4.3.2/avr25\libgcc.a(_thenan_sf.o)
                0x00800060                __thenan_sf
 .data          0x00800068        0x0 c:/winavr-20090313/bin/../lib/gcc/avr/4.3.2/avr25\libgcc.a(_prologue.o)
 .data          0x00800068        0x0 c:/winavr-20090313/bin/../lib/gcc/avr/4.3.2/avr25\libgcc.a(_epilogue.o)
 .data          0x00800068        0x0 c:/winavr-20090313/bin/../lib/gcc/avr/4.3.2/avr25\libgcc.a(_copy_data.o)
 .data          0x00800068        0x0 c:/winavr-20090313/bin/../lib/gcc/avr/4.3.2/avr25\libgcc.a(_pack_sf.o)
 .data          0x00800068        0x0 c:/winavr-20090313/bin/../lib/gcc/avr/4.3.2/avr25\libgcc.a(_unpack_sf.o)
 .data          0x00800068        0x0 c:/winavr-20090313/bin/../lib/gcc/avr/4.3.2/avr25\libgcc.a(_fpcmp_parts_sf.o)
 *(.data*)
 *(.rodata)
 *(.rodata*)
 *(.gnu.linkonce.d*)
                0x00800068                . = ALIGN (0x2)
                0x00800068                _edata = .
                0x00800068                PROVIDE (__data_end, .)

.bss            0x00800068        0x0
                0x00800068                PROVIDE (__bss_start, .)
 *(.bss)
 .bss           0x00800068        0x0 c:/winavr-20090313/bin/../lib/gcc/avr/4.3.2/../../../../avr/lib/avr25/crttn13.o
 .bss           0x00800068        0x0 ./ldr.o
 .bss           0x00800068        0x0 c:/winavr-20090313/bin/../lib/gcc/avr/4.3.2/avr25\libgcc.a(_exit.o)
 .bss           0x00800068        0x0 c:/winavr-20090313/bin/../lib/gcc/avr/4.3.2/avr25\libgcc.a(_fixunssfsi.o)
 .bss           0x00800068        0x0 c:/winavr-20090313/bin/../lib/gcc/avr/4.3.2/avr25\libgcc.a(_addsub_sf.o)
 .bss           0x00800068        0x0 c:/winavr-20090313/bin/../lib/gcc/avr/4.3.2/avr25\libgcc.a(_mul_sf.o)
 .bss           0x00800068        0x0 c:/winavr-20090313/bin/../lib/gcc/avr/4.3.2/avr25\libgcc.a(_gt_sf.o)
 .bss           0x00800068        0x0 c:/winavr-20090313/bin/../lib/gcc/avr/4.3.2/avr25\libgcc.a(_ge_sf.o)
 .bss           0x00800068        0x0 c:/winavr-20090313/bin/../lib/gcc/avr/4.3.2/avr25\libgcc.a(_lt_sf.o)
 .bss           0x00800068        0x0 c:/winavr-20090313/bin/../lib/gcc/avr/4.3.2/avr25\libgcc.a(_sf_to_si.o)
 .bss           0x00800068        0x0 c:/winavr-20090313/bin/../lib/gcc/avr/4.3.2/avr25\libgcc.a(_thenan_sf.o)
 .bss           0x00800068        0x0 c:/winavr-20090313/bin/../lib/gcc/avr/4.3.2/avr25\libgcc.a(_prologue.o)
 .bss           0x00800068        0x0 c:/winavr-20090313/bin/../lib/gcc/avr/4.3.2/avr25\libgcc.a(_epilogue.o)
 .bss           0x00800068        0x0 c:/winavr-20090313/bin/../lib/gcc/avr/4.3.2/avr25\libgcc.a(_copy_data.o)
 .bss           0x00800068        0x0 c:/winavr-20090313/bin/../lib/gcc/avr/4.3.2/avr25\libgcc.a(_pack_sf.o)
 .bss           0x00800068        0x0 c:/winavr-20090313/bin/../lib/gcc/avr/4.3.2/avr25\libgcc.a(_unpack_sf.o)
 .bss           0x00800068        0x0 c:/winavr-20090313/bin/../lib/gcc/avr/4.3.2/avr25\libgcc.a(_fpcmp_parts_sf.o)
 *(.bss*)
 *(COMMON)
                0x00800068                PROVIDE (__bss_end, .)
                0x00000fb0                __data_load_start = LOADADDR (.data)
                0x00000fb8                __data_load_end = (__data_load_start + SIZEOF (.data))

.noinit         0x00800068        0x0
                0x00800068                PROVIDE (__noinit_start, .)
 *(.noinit*)
                0x00800068                PROVIDE (__noinit_end, .)
                0x00800068                _end = .
                0x00800068                PROVIDE (__heap_start, .)

.eeprom         0x00810000        0x0
 *(.eeprom*)
                0x00810000                __eeprom_end = .

.fuse
 *(.fuse)
 *(.lfuse)
 *(.hfuse)
 *(.efuse)

.lock
 *(.lock*)

.signature
 *(.signature*)

.stab           0x00000000      0x72c
 *(.stab)
 .stab          0x00000000      0x72c ./ldr.o

.stabstr        0x00000000      0x72a
 *(.stabstr)
 .stabstr       0x00000000      0x72a ./ldr.o

.stab.excl
 *(.stab.excl)

.stab.exclstr
 *(.stab.exclstr)

.stab.index
 *(.stab.index)

.stab.indexstr
 *(.stab.indexstr)

.comment
 *(.comment)

.debug
 *(.debug)

.line
 *(.line)

.debug_srcinfo
 *(.debug_srcinfo)

.debug_sfnames
 *(.debug_sfnames)

.debug_aranges
 *(.debug_aranges)

.debug_pubnames
 *(.debug_pubnames)

.debug_info
 *(.debug_info)
 *(.gnu.linkonce.wi.*)

.debug_abbrev
 *(.debug_abbrev)

.debug_line
 *(.debug_line)

.debug_frame
 *(.debug_frame)

.debug_str
 *(.debug_str)

.debug_loc
 *(.debug_loc)

.debug_macinfo
 *(.debug_macinfo)
OUTPUT(ldr_test.elf elf32-avr)
LOAD linker stubs
